###############################################################################
#
# IAR ELF Linker V3.10.1.201 for STM8                     16/Apr/2018  10:41:26
# Copyright 2010-2017 IAR Systems AB.
#
#    Output file  =  
#        D:\公司项目-西谷物联\YJD\BoWeiBao_BT\YiYuan2018-HW_V2.0\Debug\Exe\Rfid_RW_0G_I_DP_Ver1.0.out
#    Map file     =  
#        D:\公司项目-西谷物联\YJD\BoWeiBao_BT\YiYuan2018-HW_V2.0\Debug\List\Rfid_RW_0G_I_DP_Ver1.0.map
#    Command line =  
#        -f C:\Users\Zhangwq\AppData\Local\Temp\EWFD2C.tmp
#        (D:\公司项目-西谷物联\YJD\BoWeiBao_BT\YiYuan2018-HW_V2.0\Debug\Obj\ADCDrv.o
#        D:\公司项目-西谷物联\YJD\BoWeiBao_BT\YiYuan2018-HW_V2.0\Debug\Obj\Bluetooth.o
#        D:\公司项目-西谷物联\YJD\BoWeiBao_BT\YiYuan2018-HW_V2.0\Debug\Obj\bottomvalAdjustAdaptive.o
#        D:\公司项目-西谷物联\YJD\BoWeiBao_BT\YiYuan2018-HW_V2.0\Debug\Obj\Common.o
#        D:\公司项目-西谷物联\YJD\BoWeiBao_BT\YiYuan2018-HW_V2.0\Debug\Obj\CRC.o
#        D:\公司项目-西谷物联\YJD\BoWeiBao_BT\YiYuan2018-HW_V2.0\Debug\Obj\eemFlash.o
#        D:\公司项目-西谷物联\YJD\BoWeiBao_BT\YiYuan2018-HW_V2.0\Debug\Obj\GPIODrv.o
#        D:\公司项目-西谷物联\YJD\BoWeiBao_BT\YiYuan2018-HW_V2.0\Debug\Obj\Iic.o
#        D:\公司项目-西谷物联\YJD\BoWeiBao_BT\YiYuan2018-HW_V2.0\Debug\Obj\main.o
#        D:\公司项目-西谷物联\YJD\BoWeiBao_BT\YiYuan2018-HW_V2.0\Debug\Obj\MyCommon.o
#        D:\公司项目-西谷物联\YJD\BoWeiBao_BT\YiYuan2018-HW_V2.0\Debug\Obj\MyNBIOT.o
#        D:\公司项目-西谷物联\YJD\BoWeiBao_BT\YiYuan2018-HW_V2.0\Debug\Obj\parkStateJudge.o
#        D:\公司项目-西谷物联\YJD\BoWeiBao_BT\YiYuan2018-HW_V2.0\Debug\Obj\protocol.o
#        D:\公司项目-西谷物联\YJD\BoWeiBao_BT\YiYuan2018-HW_V2.0\Debug\Obj\R3100.o
#        D:\公司项目-西谷物联\YJD\BoWeiBao_BT\YiYuan2018-HW_V2.0\Debug\Obj\statisMagneticDensity.o
#        D:\公司项目-西谷物联\YJD\BoWeiBao_BT\YiYuan2018-HW_V2.0\Debug\Obj\stm8l15x_adc.o
#        D:\公司项目-西谷物联\YJD\BoWeiBao_BT\YiYuan2018-HW_V2.0\Debug\Obj\stm8l15x_aes.o
#        D:\公司项目-西谷物联\YJD\BoWeiBao_BT\YiYuan2018-HW_V2.0\Debug\Obj\stm8l15x_beep.o
#        D:\公司项目-西谷物联\YJD\BoWeiBao_BT\YiYuan2018-HW_V2.0\Debug\Obj\stm8l15x_clk.o
#        D:\公司项目-西谷物联\YJD\BoWeiBao_BT\YiYuan2018-HW_V2.0\Debug\Obj\stm8l15x_comp.o
#        D:\公司项目-西谷物联\YJD\BoWeiBao_BT\YiYuan2018-HW_V2.0\Debug\Obj\stm8l15x_dac.o
#        D:\公司项目-西谷物联\YJD\BoWeiBao_BT\YiYuan2018-HW_V2.0\Debug\Obj\stm8l15x_dma.o
#        D:\公司项目-西谷物联\YJD\BoWeiBao_BT\YiYuan2018-HW_V2.0\Debug\Obj\stm8l15x_exti.o
#        D:\公司项目-西谷物联\YJD\BoWeiBao_BT\YiYuan2018-HW_V2.0\Debug\Obj\stm8l15x_flash.o
#        D:\公司项目-西谷物联\YJD\BoWeiBao_BT\YiYuan2018-HW_V2.0\Debug\Obj\stm8l15x_gpio.o
#        D:\公司项目-西谷物联\YJD\BoWeiBao_BT\YiYuan2018-HW_V2.0\Debug\Obj\stm8l15x_i2c.o
#        D:\公司项目-西谷物联\YJD\BoWeiBao_BT\YiYuan2018-HW_V2.0\Debug\Obj\stm8l15x_irtim.o
#        D:\公司项目-西谷物联\YJD\BoWeiBao_BT\YiYuan2018-HW_V2.0\Debug\Obj\stm8l15x_it.o
#        D:\公司项目-西谷物联\YJD\BoWeiBao_BT\YiYuan2018-HW_V2.0\Debug\Obj\stm8l15x_itc.o
#        D:\公司项目-西谷物联\YJD\BoWeiBao_BT\YiYuan2018-HW_V2.0\Debug\Obj\stm8l15x_iwdg.o
#        D:\公司项目-西谷物联\YJD\BoWeiBao_BT\YiYuan2018-HW_V2.0\Debug\Obj\stm8l15x_lcd.o
#        D:\公司项目-西谷物联\YJD\BoWeiBao_BT\YiYuan2018-HW_V2.0\Debug\Obj\stm8l15x_pwr.o
#        D:\公司项目-西谷物联\YJD\BoWeiBao_BT\YiYuan2018-HW_V2.0\Debug\Obj\stm8l15x_rst.o
#        D:\公司项目-西谷物联\YJD\BoWeiBao_BT\YiYuan2018-HW_V2.0\Debug\Obj\stm8l15x_rtc.o
#        D:\公司项目-西谷物联\YJD\BoWeiBao_BT\YiYuan2018-HW_V2.0\Debug\Obj\stm8l15x_spi.o
#        D:\公司项目-西谷物联\YJD\BoWeiBao_BT\YiYuan2018-HW_V2.0\Debug\Obj\stm8l15x_syscfg.o
#        D:\公司项目-西谷物联\YJD\BoWeiBao_BT\YiYuan2018-HW_V2.0\Debug\Obj\stm8l15x_tim1.o
#        D:\公司项目-西谷物联\YJD\BoWeiBao_BT\YiYuan2018-HW_V2.0\Debug\Obj\stm8l15x_tim2.o
#        D:\公司项目-西谷物联\YJD\BoWeiBao_BT\YiYuan2018-HW_V2.0\Debug\Obj\stm8l15x_tim3.o
#        D:\公司项目-西谷物联\YJD\BoWeiBao_BT\YiYuan2018-HW_V2.0\Debug\Obj\stm8l15x_tim4.o
#        D:\公司项目-西谷物联\YJD\BoWeiBao_BT\YiYuan2018-HW_V2.0\Debug\Obj\stm8l15x_tim5.o
#        D:\公司项目-西谷物联\YJD\BoWeiBao_BT\YiYuan2018-HW_V2.0\Debug\Obj\stm8l15x_usart.o
#        D:\公司项目-西谷物联\YJD\BoWeiBao_BT\YiYuan2018-HW_V2.0\Debug\Obj\stm8l15x_wfe.o
#        D:\公司项目-西谷物联\YJD\BoWeiBao_BT\YiYuan2018-HW_V2.0\Debug\Obj\stm8l15x_wwdg.o
#        D:\公司项目-西谷物联\YJD\BoWeiBao_BT\YiYuan2018-HW_V2.0\Debug\Obj\SYSIni.o
#        D:\公司项目-西谷物联\YJD\BoWeiBao_BT\YiYuan2018-HW_V2.0\Debug\Obj\TIM4Drv.o
#        D:\公司项目-西谷物联\YJD\BoWeiBao_BT\YiYuan2018-HW_V2.0\Debug\Obj\UART.o
#        D:\公司项目-西谷物联\YJD\BoWeiBao_BT\YiYuan2018-HW_V2.0\Debug\Obj\WDT.o
#        --redirect _Printf=_PrintfSmall --redirect _Scanf=_ScanfSmall -o
#        D:\公司项目-西谷物联\YJD\BoWeiBao_BT\YiYuan2018-HW_V2.0\Debug\Exe\Rfid_RW_0G_I_DP_Ver1.0.out
#        --map
#        D:\公司项目-西谷物联\YJD\BoWeiBao_BT\YiYuan2018-HW_V2.0\Debug\List\Rfid_RW_0G_I_DP_Ver1.0.map
#        --config
#        D:\公司项目-西谷物联\YJD\BoWeiBao_BT\YiYuan2018-HW_V2.0\linker\lnkstm8l151c8.icf
#        --config_def _CSTACK_SIZE=0x200 --config_def _HEAP_SIZE=0x200 --entry
#        __iar_program_start --debug_lib)
#
###############################################################################

*******************************************************************************
*** RUNTIME MODEL ATTRIBUTES
***

__SystemLibrary            = DLib
__code_model               = medium_or_large
__core                     = stm8
__data_model               = medium
__dlib_file_descriptor     = 0
__dlib_full_locale_support = 0
__rt_version               = 4


*******************************************************************************
*** PLACEMENT SUMMARY
***

"A0":  place at start of [0x000000-0x0000ff] { rw section .vregs };
"A1":  place at end of [0x000000-0x000fff] { block CSTACK };
"P2":  place in [from 0x000000 to 0x000fff] {
          block HEAP, rw section __DLIB_PERTHREAD, rw section .far.bss,
          rw section .far.data, rw section .far.noinit,
          rw section .far_func.textrw, rw section .huge.bss,
          rw section .huge.data, rw section .huge.noinit,
          rw section .huge_func.textrw, rw section .iar.dynexit,
          rw section .near.bss, rw section .near.data, rw section .near.noinit,
          rw section .near_func.textrw };
"A2":  place at start of [0x008000-0x00ffff] { block INTVEC };
"P3":  place in [from 0x008000 to 0x00ffff] {
          ro section __DLIB_PERTHREAD_init, ro section .far.data_init,
          ro section .far_func.textrw_init, ro section .huge.data_init,
          ro section .huge_func.textrw_init, ro section .iar.init_table,
          ro section .init_array, ro section .near.data_init,
          ro section .near.rodata, ro section .near_func.text,
          ro section .near_func.textrw_init, ro section .tiny.data_init,
          ro section .tiny.rodata_init };
"P4":  place in [from 0x008000 to 0x00ffff repeat 2] {
          ro section .far.rodata, ro section .far_func.text };
do not initialize {
   rw section .eeprom.noinit, rw section .far.noinit, rw section .huge.noinit,
   rw section .near.noinit, rw section .tiny.noinit, rw section .vregs };
initialize by copy {
   rw section .far.bss, rw section .far.data, rw section .far_func.textrw,
   rw section .huge.bss, rw section .huge.data, rw section .huge_func.textrw,
   rw section .iar.dynexit, rw section .near.bss, rw section .near.data,
   rw section .near_func.textrw, rw section .tiny.bss, rw section .tiny.data,
   ro section .tiny.rodata };

  Section            Kind      Address    Size  Object
  -------            ----      -------    ----  ------
"A0":                                     0x10
  .vregs             uninit   0x000000    0x10  vregs.o [4]
                            - 0x000010    0x10

"P2", part 1 of 2:                       0x278
  P2-1                        0x000010   0x278  <Init block>
    .near.data       inited   0x000010    0x18  Bluetooth.o [1]
    .near.data       inited   0x000028     0x1  bottomvalAdjustAdaptive.o [1]
    .near.data       inited   0x000029     0x1  bottomvalAdjustAdaptive.o [1]
    .near.data       inited   0x00002a   0x200  CRC.o [1]
    .near.data       inited   0x00022a    0x5d  main.o [1]
    .near.data       inited   0x000287     0x1  parkStateJudge.o [1]
                            - 0x000288   0x278

"P2", part 2 of 2:                       0x9ca
  .near.bss          zero     0x000288   0x3cb  main.o [1]
  .near.bss          zero     0x000653   0x289  main.o [1]
  .near.bss          zero     0x0008dc   0x147  main.o [1]
  .near.bss          zero     0x000a23    0x45  statisMagneticDensity.o [1]
  .near.bss          zero     0x000a68    0x45  statisMagneticDensity.o [1]
  .near.bss          zero     0x000aad    0x45  statisMagneticDensity.o [1]
  .near.bss          zero     0x000af2    0x45  statisMagneticDensity.o [1]
  .near.bss          zero     0x000b37    0x45  statisMagneticDensity.o [1]
  .near.bss          zero     0x000b7c    0x33  eemFlash.o [1]
  .near.bss          zero     0x000baf    0x1e  main.o [1]
  .near.bss          zero     0x000bcd     0xa  bottomvalAdjustAdaptive.o [1]
  .near.bss          zero     0x000bd7     0xa  bottomvalAdjustAdaptive.o [1]
  .near.bss          zero     0x000be1     0xa  parkStateJudge.o [1]
  .near.bss          zero     0x000beb     0xa  parkStateJudge.o [1]
  .near.bss          zero     0x000bf5     0xa  parkStateJudge.o [1]
  .near.bss          zero     0x000bff     0xa  R3100.o [1]
  .near.bss          zero     0x000c09     0x6  bottomvalAdjustAdaptive.o [1]
  .near.bss          zero     0x000c0f     0x6  parkStateJudge.o [1]
  .near.bss          zero     0x000c15     0x6  R3100.o [1]
  .near.bss          zero     0x000c1b     0x4  main.o [1]
  .near.bss          zero     0x000c1f     0x4  MyNBIOT.o [1]
  .near.bss          zero     0x000c23     0x4  R3100.o [1]
  .near.bss          zero     0x000c27     0x4  R3100.o [1]
  .near.bss          zero     0x000c2b     0x4  WDT.o [1]
  .near.bss          zero     0x000c2f     0x2  eemFlash.o [1]
  .near.bss          zero     0x000c31     0x2  eemFlash.o [1]
  .near.bss          zero     0x000c33     0x2  main.o [1]
  .near.bss          zero     0x000c35     0x2  R3100.o [1]
  .near.bss          zero     0x000c37     0x2  R3100.o [1]
  .near.bss          zero     0x000c39     0x2  R3100.o [1]
  .near.bss          zero     0x000c3b     0x2  stm8l15x_it.o [1]
  .near.bss          zero     0x000c3d     0x2  WDT.o [1]
  .near.bss          zero     0x000c3f     0x2  errno.o [4]
  .near.bss          zero     0x000c41     0x1  bottomvalAdjustAdaptive.o [1]
  .near.bss          zero     0x000c42     0x1  bottomvalAdjustAdaptive.o [1]
  .near.bss          zero     0x000c43     0x1  bottomvalAdjustAdaptive.o [1]
  .near.bss          zero     0x000c44     0x1  main.o [1]
  .near.bss          zero     0x000c45     0x1  parkStateJudge.o [1]
  .near.bss          zero     0x000c46     0x1  parkStateJudge.o [1]
  .near.bss          zero     0x000c47     0x1  parkStateJudge.o [1]
  .near.bss          zero     0x000c48     0x1  protocol.o [1]
  .near.bss          zero     0x000c49     0x1  R3100.o [1]
  .near.bss          zero     0x000c4a     0x1  R3100.o [1]
  .near.bss          zero     0x000c4b     0x1  R3100.o [1]
  .near.bss          zero     0x000c4c     0x1  R3100.o [1]
  .near.bss          zero     0x000c4d     0x1  stm8l15x_it.o [1]
  .near.bss          zero     0x000c4e     0x1  stm8l15x_it.o [1]
  .near.bss          zero     0x000c4f     0x1  WDT.o [1]
  .near.bss          zero     0x000c50     0x1  WDT.o [1]
  .near.bss          zero     0x000c51     0x1  WDT.o [1]
                            - 0x000c52   0x9ca

"A1":                                    0x200
  CSTACK                      0x000e00   0x200  <Block>
    CSTACK           uninit   0x000e00   0x200  <Block tail>
                            - 0x001000   0x200

"A2":                                     0x80
  INTVEC                      0x008000    0x80  <Block>
    .intvec          const    0x008000    0x80  interrupt.o [4]
                            - 0x008080    0x80

"P3":                                    0x842
  Initializer bytes  const    0x008080   0x278  <for P2-1>
  .near.rodata       const    0x0082f8   0x14a  MyNBIOT.o [1]
  .near.rodata       const    0x008442    0x50  protocol.o [1]
  .near.rodata       const    0x008492    0x27  MyNBIOT.o [1]
  .near.rodata       const    0x0084b9    0x25  Common.o [1]
  .near.rodata       const    0x0084de    0x25  xstoul.o [4]
  .near.rodata       const    0x008503    0x25  xstoul.o [4]
  .iar.init_table    const    0x008528    0x14  - Linker created -
  .near.rodata       const    0x00853c    0x20  MyNBIOT.o [1]
  .near.rodata       const    0x00855c    0x1f  MyNBIOT.o [1]
  .near.rodata       const    0x00857b    0x1f  protocol.o [1]
  .near.rodata       const    0x00859a    0x1b  MyNBIOT.o [1]
  .near.rodata       const    0x0085b5    0x1b  MyNBIOT.o [1]
  .near.rodata       const    0x0085d0    0x1b  MyNBIOT.o [1]
  .near.rodata       const    0x0085eb    0x19  main.o [1]
  .near.rodata       const    0x008604    0x18  R3100.o [1]
  .near.rodata       const    0x00861c    0x17  main.o [1]
  .near.rodata       const    0x008633    0x17  MyNBIOT.o [1]
  .near.rodata       const    0x00864a    0x15  eemFlash.o [1]
  .near.rodata       const    0x00865f    0x15  main.o [1]
  .near.rodata       const    0x008674    0x14  MyNBIOT.o [1]
  .near.rodata       const    0x008688    0x14  R3100.o [1]
  .near.rodata       const    0x00869c    0x12  stm8l15x_it.o [1]
  .near.rodata       const    0x0086ae    0x12  stm8l15x_it.o [1]
  .near.rodata       const    0x0086c0    0x11  MyNBIOT.o [1]
  .near.rodata       const    0x0086d1    0x10  MyNBIOT.o [1]
  .near.rodata       const    0x0086e1    0x10  protocol.o [1]
  .near.rodata       const    0x0086f1    0x10  R3100.o [1]
  .near.rodata       const    0x008701     0xf  eemFlash.o [1]
  .near.rodata       const    0x008710     0xf  MyNBIOT.o [1]
  .near.rodata       const    0x00871f     0xe  Bluetooth.o [1]
  .near.rodata       const    0x00872d     0xe  Bluetooth.o [1]
  .near.rodata       const    0x00873b     0xe  Bluetooth.o [1]
  .near.rodata       const    0x008749     0xe  Bluetooth.o [1]
  .near.rodata       const    0x008757     0xe  Bluetooth.o [1]
  .near.rodata       const    0x008765     0xe  Bluetooth.o [1]
  .near.rodata       const    0x008773     0xe  Bluetooth.o [1]
  .near.rodata       const    0x008781     0xe  MyNBIOT.o [1]
  .near.rodata       const    0x00878f     0xd  MyNBIOT.o [1]
  .near.rodata       const    0x00879c     0xd  MyNBIOT.o [1]
  .near.rodata       const    0x0087a9     0xc  MyNBIOT.o [1]
  .near.rodata       const    0x0087b5     0xc  MyNBIOT.o [1]
  .near.rodata       const    0x0087c1     0xc  MyNBIOT.o [1]
  .near.rodata       const    0x0087cd     0xc  MyNBIOT.o [1]
  .near.rodata       const    0x0087d9     0xc  MyNBIOT.o [1]
  .near.rodata       const    0x0087e5     0xc  MyNBIOT.o [1]
  .near.rodata       const    0x0087f1     0xc  MyNBIOT.o [1]
  .near.rodata       const    0x0087fd     0xc  R3100.o [1]
  .near.rodata       const    0x008809     0xb  Bluetooth.o [1]
  .near.rodata       const    0x008814     0xb  main.o [1]
  .near.rodata       const    0x00881f     0xb  main.o [1]
  .near.rodata       const    0x00882a     0xb  MyNBIOT.o [1]
  .near.rodata       const    0x008835     0xb  MyNBIOT.o [1]
  .near.rodata       const    0x008840     0xb  MyNBIOT.o [1]
  .near.rodata       const    0x00884b     0xa  MyNBIOT.o [1]
  .near.rodata       const    0x008855     0xa  MyNBIOT.o [1]
  .near.rodata       const    0x00885f     0xa  MyNBIOT.o [1]
  .near.rodata       const    0x008869     0x9  MyNBIOT.o [1]
  .near.rodata       const    0x008872     0x9  MyNBIOT.o [1]
  .near.rodata       const    0x00887b     0x8  eemFlash.o [1]
  .near.rodata       const    0x008883     0x7  xprintfsmall.o [4]
  .near.rodata       const    0x00888a     0x7  xscanfsmall.o [4]
  .near.rodata       const    0x008891     0x6  Bluetooth.o [1]
  .near.rodata       const    0x008897     0x6  MyNBIOT.o [1]
  .near.rodata       const    0x00889d     0x5  MyNBIOT.o [1]
  .near.rodata       const    0x0088a2     0x5  stm8l15x_clk.o [1]
  .near.rodata       const    0x0088a7     0x5  xscanfsmall.o [4]
  .near.rodata       const    0x0088ac     0x3  main.o [1]
  .near.rodata       const    0x0088af     0x3  MyCommon.o [1]
  .near.rodata       const    0x0088b2     0x3  MyNBIOT.o [1]
  .near.rodata       const    0x0088b5     0x3  UART.o [1]
  .near.rodata       const    0x0088b8     0x3  UART.o [1]
  .near.rodata       const    0x0088bb     0x2  Bluetooth.o [1]
  .near.rodata       const    0x0088bd     0x1  Bluetooth.o [1]
  .near.rodata       const    0x0088be     0x1  main.o [1]
  .near.rodata       const    0x0088bf     0x1  MyNBIOT.o [1]
  .near.rodata       const    0x0088c0     0x1  protocol.o [1]
  .near.rodata       const    0x0088c1     0x1  WDT.o [1]
                            - 0x0088c2   0x842

"P4":                                   0x72f5
  .far_func.text     ro code  0x0088c2   0x710  Bluetooth.o [1]
  .far_func.text     ro code  0x008fd2   0x527  xscanfsmall.o [4]
  .far_func.text     ro code  0x0094f9   0x4c9  float.o [4]
  .far_func.text     ro code  0x0099c2   0x40b  xprintfsmall.o [4]
  .far_func.text     ro code  0x009dcd   0x3d6  parkStateJudge.o [1]
  .far_func.text     ro code  0x00a1a3   0x31a  parkStateJudge.o [1]
  .far_func.text     ro code  0x00a4bd   0x2b3  Bluetooth.o [1]
  .far_func.text     ro code  0x00a770   0x276  statisMagneticDensity.o [1]
  .far_func.text     ro code  0x00a9e6   0x25f  long.o [4]
  .far_func.text     ro code  0x00ac45   0x252  statisMagneticDensity.o [1]
  .far_func.text     ro code  0x00ae97   0x234  R3100.o [1]
  .far_func.text     ro code  0x00b0cb   0x226  MyNBIOT.o [1]
  .far_func.text     ro code  0x00b2f1   0x218  protocol.o [1]
  .far_func.text     ro code  0x00b509   0x217  WDT.o [1]
  .far_func.text     ro code  0x00b720   0x20c  vreg_util.o [4]
  .far_func.text     ro code  0x00b92c   0x1e4  xstoul.o [4]
  .far_func.text     ro code  0x00bb10   0x1a2  parkStateJudge.o [1]
  .far_func.text     ro code  0x00bcb2   0x181  xprintfsmall.o [4]
  .far_func.text     ro code  0x00be33   0x17a  MyNBIOT.o [1]
  .far_func.text     ro code  0x00bfad   0x168  R3100.o [1]
  .far_func.text     ro code  0x00c115   0x165  eemFlash.o [1]
  .far_func.text     ro code  0x00c27a   0x162  float_libsup.o [4]
  .far_func.text     ro code  0x00c3dc   0x158  bottomvalAdjustAdaptive.o [1]
  .far_func.text     ro code  0x00c534   0x155  R3100.o [1]
  .far_func.text     ro code  0x00c689   0x14e  main.o [1]
  .far_func.text     ro code  0x00c7d7   0x13f  statisMagneticDensity.o [1]
  .far_func.text     ro code  0x00c916   0x139  statisMagneticDensity.o [1]
  .far_func.text     ro code  0x00ca4f   0x12e  eemFlash.o [1]
  .far_func.text     ro code  0x00cb7d   0x127  bottomvalAdjustAdaptive.o [1]
  .far_func.text     ro code  0x00cca4   0x11d  R3100.o [1]
  .far_func.text     ro code  0x00cdc1   0x115  stm8l15x_exti.o [1]
  .far_func.text     ro code  0x00ced6   0x10d  sqrtf.o [4]
  .far_func.text     ro code  0x00cfe3   0x103  eemFlash.o [1]
  .far_func.text     ro code  0x00d0e6    0xf7  UART.o [1]
  .far_func.text     ro code  0x00d1dd    0xea  MyNBIOT.o [1]
  .far_func.text     ro code  0x00d2c7    0xe6  R3100.o [1]
  .far_func.text     ro code  0x00d3ad    0xd4  WDT.o [1]
  .far_func.text     ro code  0x00d481    0xd4  xstol.o [4]
  .far_func.text     ro code  0x00d555    0xd3  stm8l15x_usart.o [1]
  .far_func.text     ro code  0x00d628    0xcf  Common.o [1]
  .far_func.text     ro code  0x00d6f7    0xce  WDT.o [1]
  .far_func.text     ro code  0x00d7c5    0xcc  main.o [1]
  .far_func.text     ro code  0x00d891    0xc4  parkStateJudge.o [1]
  .far_func.text     ro code  0x00d955    0xb9  statisMagneticDensity.o [1]
  .far_func.text     ro code  0x00da0e    0xb2  parkStateJudge.o [1]
  .far_func.text     ro code  0x00dac0    0xab  stm8l15x_usart.o [1]
  .far_func.text     ro code  0x00db6b    0xaa  MyNBIOT.o [1]
  .far_func.text     ro code  0x00dc15    0x9a  Iic.o [1]
  .far_func.text     ro code  0x00dcaf    0x96  long_util.o [4]
  .far_func.text     ro code  0x00dd45    0x95  stm8l15x_usart.o [1]
  .far_func.text     ro code  0x00ddda    0x93  eemFlash.o [1]
  .far_func.text     ro code  0x00de6d    0x91  statisMagneticDensity.o [1]
  .far_func.text     ro code  0x00defe    0x8f  stm8l15x_clk.o [1]
  .far_func.text     ro code  0x00df8d    0x8e  stm8l15x_gpio.o [1]
  .far_func.text     ro code  0x00e01b    0x8a  stm8l15x_it.o [1]
  .far_func.text     ro code  0x00e0a5    0x86  statisMagneticDensity.o [1]
  .far_func.text     ro code  0x00e12b    0x81  MyCommon.o [1]
  .far_func.text     ro code  0x00e1ac    0x7e  statisMagneticDensity.o [1]
  .far_func.text     ro code  0x00e22a    0x79  statisMagneticDensity.o [1]
  .far_func.text     ro code  0x00e2a3    0x78  statisMagneticDensity.o [1]
  .far_func.text     ro code  0x00e31b    0x77  WDT.o [1]
  .far_func.text     ro code  0x00e392    0x76  stm8l15x_clk.o [1]
  .far_func.text     ro code  0x00e408    0x76  UART.o [1]
  .far_func.text     ro code  0x00e47e    0x71  stm8l15x_it.o [1]
  .far_func.text     ro code  0x00e4ef    0x70  UART.o [1]
  .far_func.text     ro code  0x00e55f    0x68  statisMagneticDensity.o [1]
  .far_func.text     ro code  0x00e5c7    0x68  UART.o [1]
  .far_func.text     ro code  0x00e62f    0x63  stm8l15x_it.o [1]
  .far_func.text     ro code  0x00e692    0x60  main.o [1]
  .far_func.text     ro code  0x00e6f2    0x60  strstr.o [4]
  .far_func.text     ro code  0x00e752    0x5f  stm8l15x_it.o [1]
  .far_func.text     ro code  0x00e7b1    0x5f  SYSIni.o [1]
  .far_func.text     ro code  0x00e810    0x5e  MyNBIOT.o [1]
  .far_func.text     ro code  0x00e86e    0x5c  UART.o [1]
  .far_func.text     ro code  0x00e8ca    0x58  protocol.o [1]
  .far_func.text     ro code  0x00e922    0x58  dc_util.o [4]
  .far_func.text     ro code  0x00e97a    0x57  Iic.o [1]
  .far_func.text     ro code  0x00e9d1    0x57  UART.o [1]
  .far_func.text     ro code  0x00ea28    0x55  stm8l15x_adc.o [1]
  .far_func.text     ro code  0x00ea7d    0x55  stm8l15x_adc.o [1]
  .far_func.text     ro code  0x00ead2    0x55  stm8l15x_syscfg.o [1]
  .far_func.text     ro code  0x00eb27    0x51  stm8l15x_rtc.o [1]
  .far_func.text     ro code  0x00eb78    0x4f  Iic.o [1]
  .far_func.text     ro code  0x00ebc7    0x4f  short.o [4]
  .far_func.text     ro code  0x00ec16    0x4a  R3100.o [1]
  .far_func.text     ro code  0x00ec60    0x4a  statisMagneticDensity.o [1]
  .far_func.text     ro code  0x00ecaa    0x48  WDT.o [1]
  .far_func.text     ro code  0x00ecf2    0x47  ADCDrv.o [1]
  .far_func.text     ro code  0x00ed39    0x47  CRC.o [1]
  .far_func.text     ro code  0x00ed80    0x45  xprintfsmall.o [4]
  .far_func.text     ro code  0x00edc5    0x44  sprintf.o [4]
  .far_func.text     ro code  0x00ee09    0x43  ADCDrv.o [1]
  .far_func.text     ro code  0x00ee4c    0x42  parkStateJudge.o [1]
  .far_func.text     ro code  0x00ee8e    0x42  UART.o [1]
  .far_func.text     ro code  0x00eed0    0x40  UART.o [1]
  .far_func.text     ro code  0x00ef10    0x40  vsprintf.o [4]
  .far_func.text     ro code  0x00ef50    0x3e  main.o [1]
  .far_func.text     ro code  0x00ef8e    0x3e  xprintfsmall.o [4]
  .far_func.text     ro code  0x00efcc    0x3d  CRC.o [1]
  .far_func.text     ro code  0x00f009    0x3d  statisMagneticDensity.o [1]
  .far_func.text     ro code  0x00f046    0x3d  statisMagneticDensity.o [1]
  .far_func.text     ro code  0x00f083    0x3d  stm8l15x_rtc.o [1]
  .far_func.text     ro code  0x00f0c0    0x3d  xprintfsmall.o [4]
  .far_func.text     ro code  0x00f0fd    0x3a  UART.o [1]
  .far_func.text     ro code  0x00f137    0x39  ADCDrv.o [1]
  .far_func.text     ro code  0x00f170    0x39  bottomvalAdjustAdaptive.o [1]
  .far_func.text     ro code  0x00f1a9    0x38  stm8l15x_rtc.o [1]
  .far_func.text     ro code  0x00f1e1    0x35  Common.o [1]
  .far_func.text     ro code  0x00f216    0x34  ADCDrv.o [1]
  .far_func.text     ro code  0x00f24a    0x32  stm8l15x_adc.o [1]
  .far_func.text     ro code  0x00f27c    0x32  stm8l15x_it.o [1]
  .far_func.text     ro code  0x00f2ae    0x31  SYSIni.o [1]
  .far_func.text     ro code  0x00f2df    0x30  MyCommon.o [1]
  .far_func.text     ro code  0x00f30f    0x2f  UART.o [1]
  .far_func.text     ro code  0x00f33e    0x2e  xprintfsmall.o [4]
  .far_func.text     ro code  0x00f36c    0x2c  stm8l15x_gpio.o [1]
  .far_func.text     ro code  0x00f398    0x2b  statisMagneticDensity.o [1]
  .far_func.text     ro code  0x00f3c3    0x2b  stm8l15x_adc.o [1]
  .far_func.text     ro code  0x00f3ee    0x2a  MyNBIOT.o [1]
  .far_func.text     ro code  0x00f418    0x29  stm8l15x_it.o [1]
  .far_func.text     ro code  0x00f441    0x28  WDT.o [1]
  .far_func.text     ro code  0x00f469    0x28  far_util.o [4]
  .far_func.text     ro code  0x00f491    0x28  init_small.o [4]
  .far_func.text     ro code  0x00f4b9    0x27  stm8l15x_usart.o [1]
  .far_func.text     ro code  0x00f4e0    0x27  stm8l15x_usart.o [1]
  .far_func.text     ro code  0x00f507    0x27  xsscin.o [4]
  .far_func.text     ro code  0x00f52e    0x25  move.o [4]
  .far_func.text     ro code  0x00f553    0x25  strcat.o [4]
  .far_func.text     ro code  0x00f578    0x24  bottomvalAdjustAdaptive.o [1]
  .far_func.text     ro code  0x00f59c    0x24  stm8l15x_adc.o [1]
  .far_func.text     ro code  0x00f5c0    0x24  TIM4Drv.o [1]
  .far_func.text     ro code  0x00f5e4    0x24  sscanf.o [4]
  .far_func.text     ro code  0x00f608    0x24  printf.o [4]
  .far_func.text     ro code  0x00f62c    0x23  stm8l15x_rtc.o [1]
  .far_func.text     ro code  0x00f64f    0x22  stm8l15x_usart.o [1]
  .far_func.text     ro code  0x00f671    0x21  Iic.o [1]
  .far_func.text     ro code  0x00f692    0x21  stm8l15x_exti.o [1]
  .far_func.text     ro code  0x00f6b3    0x21  stm8l15x_it.o [1]
  .far_func.text     ro code  0x00f6d4    0x21  memchr.o [4]
  .far_func.text     ro code  0x00f6f5    0x20  stm8l15x_usart.o [1]
  .far_func.text     ro code  0x00f715    0x20  UART.o [1]
  .far_func.text     ro code  0x00f735    0x20  memcpy.o [4]
  .far_func.text     ro code  0x00f755    0x1f  Common.o [1]
  .far_func.text     ro code  0x00f774    0x1f  MyCommon.o [1]
  .far_func.text     ro code  0x00f793    0x1f  R3100.o [1]
  .far_func.text     ro code  0x00f7b2    0x1f  xprout.o [4]
  .far_func.text     ro code  0x00f7d1    0x1e  Bluetooth.o [1]
  .far_func.text     ro code  0x00f7ef    0x1e  stm8l15x_it.o [1]
  .far_func.text     ro code  0x00f80d    0x1e  stm8l15x_it.o [1]
  .far_func.text     ro code  0x00f82b    0x1e  init.o [4]
  .far_func.text     ro code  0x00f849    0x1e  init_small.o [4]
  .far_func.text     ro code  0x00f867    0x1d  stm8l15x_it.o [1]
  .far_func.text     ro code  0x00f884    0x1d  UART.o [1]
  .far_func.text     ro code  0x00f8a1    0x1a  stm8l15x_tim4.o [1]
  .far_func.text     ro code  0x00f8bb    0x1a  WDT.o [1]
  .far_func.text     ro code  0x00f8d5    0x19  stm8l15x_adc.o [1]
  .far_func.text     ro code  0x00f8ee    0x19  stm8l15x_flash.o [1]
  .far_func.text     ro code  0x00f907    0x18  stm8l15x_flash.o [1]
  .far_func.text     ro code  0x00f91f    0x18  strcpy.o [4]
  .far_func.text     ro code  0x00f937    0x17  GPIODrv.o [1]
  .far_func.text     ro code  0x00f94e    0x17  cstartup.o [4]
  .far_func.text     ro code  0x00f965    0x16  UART.o [1]
  .far_func.text     ro code  0x00f97b    0x16  memset.o [4]
  .far_func.text     ro code  0x00f991    0x16  __dbg_xxexit.o [3]
  .far_func.text     ro code  0x00f9a7    0x15  Iic.o [1]
  .far_func.text     ro code  0x00f9bc    0x15  stm8l15x_rtc.o [1]
  .far_func.text     ro code  0x00f9d1    0x15  UART.o [1]
  .far_func.text     ro code  0x00f9e6    0x15  xprintfsmall.o [4]
  .far_func.text     ro code  0x00f9fb    0x15  strchr.o [4]
  .far_func.text     ro code  0x00fa10    0x15  isxxx.o [4]
  .far_func.text     ro code  0x00fa25    0x13  statisMagneticDensity.o [1]
  .far_func.text     ro code  0x00fa38    0x11  Iic.o [1]
  .far_func.text     ro code  0x00fa49    0x11  MyNBIOT.o [1]
  .far_func.text     ro code  0x00fa5a    0x11  stm8l15x_tim4.o [1]
  .far_func.text     ro code  0x00fa6b    0x10  statisMagneticDensity.o [1]
  .far_func.text     ro code  0x00fa7b     0xf  R3100.o [1]
  .far_func.text     ro code  0x00fa8a     0xd  stm8l15x_adc.o [1]
  .far_func.text     ro code  0x00fa97     0xd  stm8l15x_adc.o [1]
  .far_func.text     ro code  0x00faa4     0xd  stm8l15x_clk.o [1]
  .far_func.text     ro code  0x00fab1     0xd  stm8l15x_rtc.o [1]
  .far_func.text     ro code  0x00fabe     0xd  stm8l15x_tim1.o [1]
  .far_func.text     ro code  0x00facb     0xd  stm8l15x_tim4.o [1]
  .far_func.text     ro code  0x00fad8     0xd  UART.o [1]
  .far_func.text     ro code  0x00fae5     0xd  strlen.o [4]
  .far_func.text     ro code  0x00faf2     0xc  UART.o [1]
  .far_func.text     ro code  0x00fafe     0xc  char.o [4]
  .far_func.text     ro code  0x00fb0a     0xc  xprintfsmall.o [4]
  .far_func.text     ro code  0x00fb16     0xb  stm8l15x_flash.o [1]
  .far_func.text     ro code  0x00fb21     0xb  abs.o [4]
  .far_func.text     ro code  0x00fb2c     0xb  xprintfsmall.o [4]
  .far_func.text     ro code  0x00fb37     0xb  xsprout.o [4]
  .far_func.text     ro code  0x00fb42     0xa  stm8l15x_clk.o [1]
  .far_func.text     ro code  0x00fb4c     0x8  xprintfsmall.o [4]
  .far_func.text     ro code  0x00fb54     0x6  xprintfsmall.o [4]
  .far_func.text     ro code  0x00fb5a     0x6  cexit.o [4]
  .far_func.text     ro code  0x00fb60     0x5  statisMagneticDensity.o [1]
  .far_func.text     ro code  0x00fb65     0x5  stm8l15x_adc.o [1]
  .far_func.text     ro code  0x00fb6a     0x5  stm8l15x_flash.o [1]
  .far_func.text     ro code  0x00fb6f     0x5  stm8l15x_flash.o [1]
  .far_func.text     ro code  0x00fb74     0x5  stm8l15x_tim4.o [1]
  .far_func.text     ro code  0x00fb79     0x5  stm8l15x_tim4.o [1]
  .far_func.text     ro code  0x00fb7e     0x4  MyNBIOT.o [1]
  .far_func.text     ro code  0x00fb82     0x4  R3100.o [1]
  .far_func.text     ro code  0x00fb86     0x4  stm8l15x_clk.o [1]
  .far_func.text     ro code  0x00fb8a     0x4  stm8l15x_clk.o [1]
  .far_func.text     ro code  0x00fb8e     0x4  interrupt.o [4]
  .far_func.text     ro code  0x00fb92     0x4  exit.o [4]
  .far_func.text     ro code  0x00fb96     0x3  stm8l15x_usart.o [1]
  .far_func.text     ro code  0x00fb99     0x3  stm8l15x_usart.o [1]
  .far_func.text     ro code  0x00fb9c     0x3  low_level_init.o [4]
  .far_func.text     ro code  0x00fb9f     0x3  unhandled_exception.o [4]
  .far_func.text     ro code  0x00fba2     0x1  stm8l15x_it.o [1]
  .far_func.text     ro code  0x00fba3     0x1  stm8l15x_it.o [1]
  .far_func.text     ro code  0x00fba4     0x1  stm8l15x_it.o [1]
  .far_func.text     ro code  0x00fba5     0x1  stm8l15x_it.o [1]
  .far_func.text     ro code  0x00fba6     0x1  stm8l15x_it.o [1]
  .far_func.text     ro code  0x00fba7     0x1  stm8l15x_it.o [1]
  .far_func.text     ro code  0x00fba8     0x1  stm8l15x_it.o [1]
  .far_func.text     ro code  0x00fba9     0x1  stm8l15x_it.o [1]
  .far_func.text     ro code  0x00fbaa     0x1  stm8l15x_it.o [1]
  .far_func.text     ro code  0x00fbab     0x1  stm8l15x_it.o [1]
  .far_func.text     ro code  0x00fbac     0x1  stm8l15x_it.o [1]
  .far_func.text     ro code  0x00fbad     0x1  stm8l15x_it.o [1]
  .far_func.text     ro code  0x00fbae     0x1  stm8l15x_it.o [1]
  .far_func.text     ro code  0x00fbaf     0x1  stm8l15x_it.o [1]
  .far_func.text     ro code  0x00fbb0     0x1  stm8l15x_it.o [1]
  .far_func.text     ro code  0x00fbb1     0x1  stm8l15x_it.o [1]
  .far_func.text     ro code  0x00fbb2     0x1  stm8l15x_it.o [1]
  .far_func.text     ro code  0x00fbb3     0x1  stm8l15x_it.o [1]
  .far_func.text     ro code  0x00fbb4     0x1  stm8l15x_it.o [1]
  .far_func.text     ro code  0x00fbb5     0x1  stm8l15x_it.o [1]
  .far_func.text     ro code  0x00fbb6     0x1  __dbg_break.o [3]
                            - 0x00fbb7  0x72f5


*******************************************************************************
*** INIT TABLE
***

          Address   Size
          -------   ----
Zero (__iar_zero_init2)
    1 destination range, total size 0x9ca:
          0x000288  0x9ca

Copy (__iar_copy_init2)
    1 source range, total size 0x278:
          0x008080  0x278
    1 destination range, total size 0x278:
          0x000010  0x278



*******************************************************************************
*** MODULE SUMMARY
***

    Module                     ro code  ro data  rw data
    ------                     -------  -------  -------
D:\公司项目-西谷物联\YJD\BoWeiBao_BT\YiYuan2018-HW_V2.0\Debug\Obj: [1]
    ADCDrv.o                       247
    Bluetooth.o                  2 529      142       24
    CRC.o                          132      512      512
    Common.o                       291       37
    GPIODrv.o                       23
    Iic.o                          391
    MyCommon.o                     208        3
    MyNBIOT.o                    1 489      824        4
    R3100.o                      1 904       72       34
    SYSIni.o                       144
    TIM4Drv.o                       36
    UART.o                       1 124        6
    WDT.o                        1 210        1        9
    bottomvalAdjustAdaptive.o      732        2       31
    eemFlash.o                   1 065       44       55
    main.o                         696      188    2 077
    parkStateJudge.o             2 634        1       40
    protocol.o                     624      128        1
    statisMagneticDensity.o      3 070               345
    stm8l15x_adc.o                 355
    stm8l15x_clk.o                 292        5
    stm8l15x_exti.o                310
    stm8l15x_flash.o                70
    stm8l15x_gpio.o                186
    stm8l15x_it.o                  678       36        4
    stm8l15x_rtc.o                 267
    stm8l15x_syscfg.o               85
    stm8l15x_tim1.o                 13
    stm8l15x_tim4.o                 66
    stm8l15x_usart.o               681
    ----------------------------------------------------
    Total:                      21 552    2 001    3 136

command line: [2]
    ----------------------------------------------------
    Total:

dbgstm8mmd.a: [3]
    __dbg_break.o                    1
    __dbg_xxexit.o                  22
    ----------------------------------------------------
    Total:                          23

dlstm8mmn.a: [4]
    abs.o                           11
    cexit.o                          6
    char.o                          12
    cstartup.o                      23
    dc_util.o                       88
    errno.o                                            2
    exit.o                           4
    far_util.o                      40
    float.o                      1 225
    float_libsup.o                 354
    init.o                          30
    init_small.o                    70
    interrupt.o                      4      128
    isxxx.o                         21
    long.o                         607
    long_util.o                    150
    low_level_init.o                 3
    memchr.o                        33
    memcpy.o                        32
    memset.o                        22
    move.o                          37
    printf.o                        36
    short.o                         79
    sprintf.o                       68
    sqrtf.o                        269
    sscanf.o                        36
    strcat.o                        37
    strchr.o                        21
    strcpy.o                        24
    strlen.o                        13
    strstr.o                        96
    unhandled_exception.o            3
    vreg_util.o                    524
    vregs.o                                           16
    vsprintf.o                      64
    xprintfsmall.o               1 716        7
    xprout.o                        31
    xscanfsmall.o                1 319       12
    xsprout.o                       11
    xsscin.o                        39
    xstol.o                        212
    xstoul.o                       484       74
    ----------------------------------------------------
    Total:                       7 854      221       18

    Linker created                           20      512
--------------------------------------------------------
    Grand Total:                29 429    2 242    3 666


*******************************************************************************
*** ENTRY LIST
***

Entry                    Address   Size  Type      Object
-----                    -------   ----  ----      ------
.iar.init_table$$Base   0x008528          --   Gb  - Linker created -
.iar.init_table$$Limit  0x00853c          --   Gb  - Linker created -
?add32_l0_l0_0x         0x00aa34         Code  Gb  long.o [4]
?add32_l0_l0_l1         0x00aa31         Code  Gb  long.o [4]
?and32_l0_l0_0x         0x00abd8         Code  Gb  long.o [4]
?and32_l0_l0_l1         0x00abd5         Code  Gb  long.o [4]
?b0                     0x000000         Data  Gb  vregs.o [4]
?b1                     0x000001         Data  Gb  vregs.o [4]
?b10                    0x00000a         Data  Gb  vregs.o [4]
?b11                    0x00000b         Data  Gb  vregs.o [4]
?b12                    0x00000c         Data  Gb  vregs.o [4]
?b13                    0x00000d         Data  Gb  vregs.o [4]
?b14                    0x00000e         Data  Gb  vregs.o [4]
?b15                    0x00000f         Data  Gb  vregs.o [4]
?b2                     0x000002         Data  Gb  vregs.o [4]
?b3                     0x000003         Data  Gb  vregs.o [4]
?b4                     0x000004         Data  Gb  vregs.o [4]
?b5                     0x000005         Data  Gb  vregs.o [4]
?b6                     0x000006         Data  Gb  vregs.o [4]
?b7                     0x000007         Data  Gb  vregs.o [4]
?b8                     0x000008         Data  Gb  vregs.o [4]
?b9                     0x000009         Data  Gb  vregs.o [4]
?dc32_l0                0x00e922         Code  Gb  dc_util.o [4]
?dc32_l1                0x00e94e         Code  Gb  dc_util.o [4]
?dec32_0x_0x            0x00aa1d         Code  Gb  long.o [4]
?dec32_l0_l0            0x00aa13         Code  Gb  long.o [4]
?dec32_l2_l2            0x00aa18         Code  Gb  long.o [4]
?e0                     0x000001         Data  Gb  vregs.o [4]
?e1                     0x000005         Data  Gb  vregs.o [4]
?e2                     0x000009         Data  Gb  vregs.o [4]
?e3                     0x00000d         Data  Gb  vregs.o [4]
?epilogue_l2            0x00b849         Code  Gb  vreg_util.o [4]
?epilogue_l2_l3         0x00b845         Code  Gb  vreg_util.o [4]
?epilogue_l2_w6         0x00b84e         Code  Gb  vreg_util.o [4]
?epilogue_w4            0x00b857         Code  Gb  vreg_util.o [4]
?fadd32_l0_l0_dc32      0x00951d         Code  Gb  float.o [4]
?fadd32_l0_l0_l1        0x009523         Code  Gb  float.o [4]
?fcastf32s16_l0_x       0x0097a8         Code  Gb  float.o [4]
?fcastf32s32_l0_l0      0x00987c         Code  Gb  float.o [4]
?fcastf32u16_l0_x       0x0097af         Code  Gb  float.o [4]
?fcasts16f32_x_l0       0x0097cd         Code  Gb  float.o [4]
?fcasts32f32_l0_l0      0x009819         Code  Gb  float.o [4]
?fcastu32f32_l0_l0      0x009802         Code  Gb  float.o [4]
?fcmpge32_c_l0_0x       0x009747         Code  Gb  float.o [4]
?fcmpge32_c_l0_dc32     0x009740         Code  Gb  float.o [4]
?fcmpge32_c_l0_l1       0x009744         Code  Gb  float.o [4]
?fcmplt32_c_l0_0x       0x009752         Code  Gb  float.o [4]
?fcmplt32_c_l0_dc32     0x00974b         Code  Gb  float.o [4]
?fcmplt32_c_l0_l1       0x00974f         Code  Gb  float.o [4]
?fdiv32_l0_l0_l1        0x009692         Code  Gb  float.o [4]
?fmul32_l0_l0_dc32      0x0095f1         Code  Gb  float.o [4]
?fmul32_l0_l0_l1        0x0095f7         Code  Gb  float.o [4]
?fsub32_l0_l0_l1        0x009517         Code  Gb  float.o [4]
?inc32_0x_0x            0x00aa05         Code  Gb  long.o [4]
?inc32_l0_l0            0x00a9f6         Code  Gb  long.o [4]
?inc32_l1_l1            0x00a9fb         Code  Gb  long.o [4]
?inc32_l2_l2            0x00aa00         Code  Gb  long.o [4]
?l0                     0x000000         Data  Gb  vregs.o [4]
?l1                     0x000004         Data  Gb  vregs.o [4]
?l2                     0x000008         Data  Gb  vregs.o [4]
?l3                     0x00000c         Data  Gb  vregs.o [4]
?load24_e0_0x           0x00f475         Code  Gb  far_util.o [4]
?load24_e0_asp          0x00f469         Code  Gb  far_util.o [4]
?load24_e0_xsp          0x00f46b         Code  Gb  far_util.o [4]
?load24_e1_0x           0x00f483         Code  Gb  far_util.o [4]
?load32_0x_l0           0x00dd11         Code  Gb  long_util.o [4]
?load32_0x_l1           0x00dd1f         Code  Gb  long_util.o [4]
?load32_0x_l2           0x00dd37         Code  Gb  long_util.o [4]
?load32_l0_0x           0x00dcc9         Code  Gb  long_util.o [4]
?load32_l0_asp          0x00dcbd         Code  Gb  long_util.o [4]
?load32_l0_dbsp         0x00dcaf         Code  Gb  long_util.o [4]
?load32_l0_xsp          0x00dcbf         Code  Gb  long_util.o [4]
?load32_l1_0x           0x00dcef         Code  Gb  long_util.o [4]
?load32_l1_asp          0x00dce3         Code  Gb  long_util.o [4]
?load32_l1_dbsp         0x00dcd5         Code  Gb  long_util.o [4]
?load32_l1_xsp          0x00dce5         Code  Gb  long_util.o [4]
?load32_l2_0x           0x00dcfb         Code  Gb  long_util.o [4]
?load32_xsp_l0          0x00dd07         Code  Gb  long_util.o [4]
?load32_xsp_l2          0x00dd2d         Code  Gb  long_util.o [4]
?longfarg16_v_w0_a      0x00f53b         Code  Gb  move.o [4]
?longfarg16_v_w0_x      0x00f53d         Code  Gb  move.o [4]
?mov_e0_e1              0x00b8b3         Code  Gb  vreg_util.o [4]
?mov_e0_e2              0x00b8c0         Code  Gb  vreg_util.o [4]
?mov_e0_e3              0x00b8cd         Code  Gb  vreg_util.o [4]
?mov_e1_e0              0x00b8da         Code  Gb  vreg_util.o [4]
?mov_e1_e2              0x00b8e7         Code  Gb  vreg_util.o [4]
?mov_e1_e3              0x00b8f4         Code  Gb  vreg_util.o [4]
?mov_e2_e0              0x00b901         Code  Gb  vreg_util.o [4]
?mov_e3_e0              0x00b915         Code  Gb  vreg_util.o [4]
?mov_e3_e1              0x00b922         Code  Gb  vreg_util.o [4]
?mov_l0_l1              0x00b8b0         Code  Gb  vreg_util.o [4]
?mov_l0_l2              0x00b8bd         Code  Gb  vreg_util.o [4]
?mov_l0_l3              0x00b8ca         Code  Gb  vreg_util.o [4]
?mov_l1_l0              0x00b8d7         Code  Gb  vreg_util.o [4]
?mov_l1_l2              0x00b8e4         Code  Gb  vreg_util.o [4]
?mov_l1_l3              0x00b8f1         Code  Gb  vreg_util.o [4]
?mov_l2_l0              0x00b8fe         Code  Gb  vreg_util.o [4]
?mov_l3_l0              0x00b912         Code  Gb  vreg_util.o [4]
?mov_l3_l1              0x00b91f         Code  Gb  vreg_util.o [4]
?mov_w0_w1              0x00b85c         Code  Gb  vreg_util.o [4]
?mov_w0_w2              0x00b863         Code  Gb  vreg_util.o [4]
?mov_w0_w5              0x00b86a         Code  Gb  vreg_util.o [4]
?mov_w0_w6              0x00b871         Code  Gb  vreg_util.o [4]
?mov_w1_w0              0x00b878         Code  Gb  vreg_util.o [4]
?mov_w1_w3              0x00b8b6         Code  Gb  vreg_util.o [4]
?mov_w1_w4              0x00b87f         Code  Gb  vreg_util.o [4]
?mov_w1_w5              0x00b8c3         Code  Gb  vreg_util.o [4]
?mov_w1_w7              0x00b8d0         Code  Gb  vreg_util.o [4]
?mov_w2_w0              0x00b886         Code  Gb  vreg_util.o [4]
?mov_w2_w1              0x00b88d         Code  Gb  vreg_util.o [4]
?mov_w3_w1              0x00b8dd         Code  Gb  vreg_util.o [4]
?mov_w3_w5              0x00b8ea         Code  Gb  vreg_util.o [4]
?mov_w3_w7              0x00b8f7         Code  Gb  vreg_util.o [4]
?mov_w4_w0              0x00b894         Code  Gb  vreg_util.o [4]
?mov_w4_w1              0x00b89b         Code  Gb  vreg_util.o [4]
?mov_w4_w7              0x00b8a2         Code  Gb  vreg_util.o [4]
?mov_w5_w1              0x00b904         Code  Gb  vreg_util.o [4]
?mov_w5_w3              0x00b90b         Code  Gb  vreg_util.o [4]
?mov_w7_w0              0x00b8a9         Code  Gb  vreg_util.o [4]
?mov_w7_w1              0x00b918         Code  Gb  vreg_util.o [4]
?mov_w7_w3              0x00b925         Code  Gb  vreg_util.o [4]
?move1616_v_x_y_a       0x00f52e         Code  Gb  move.o [4]
?mul16_x_x_w0           0x00ebc7         Code  Gb  short.o [4]
?mul32_l0_l0_l1         0x00aa67         Code  Gb  long.o [4]
?neg32_l0_l0            0x00a9e6         Code  Gb  long.o [4]
?or32_l0_l0_0x          0x00abf3         Code  Gb  long.o [4]
?or32_l0_l0_l1          0x00abf0         Code  Gb  long.o [4]
?pop_e2                 0x00b7ba         Code  Gb  vreg_util.o [4]
?pop_l0                 0x00b80d         Code  Gb  vreg_util.o [4]
?pop_l1                 0x00b818         Code  Gb  vreg_util.o [4]
?pop_l2                 0x00b823         Code  Gb  vreg_util.o [4]
?pop_l3                 0x00b82e         Code  Gb  vreg_util.o [4]
?pop_w4                 0x00b75a         Code  Gb  vreg_util.o [4]
?pop_w5                 0x00b761         Code  Gb  vreg_util.o [4]
?pop_w6                 0x00b768         Code  Gb  vreg_util.o [4]
?pop_w7                 0x00b76f         Code  Gb  vreg_util.o [4]
?push_e0                0x00b782         Code  Gb  vreg_util.o [4]
?push_e2                0x00b79e         Code  Gb  vreg_util.o [4]
?push_l0                0x00b7d8         Code  Gb  vreg_util.o [4]
?push_l1                0x00b7dd         Code  Gb  vreg_util.o [4]
?push_l2                0x00b7e2         Code  Gb  vreg_util.o [4]
?push_l3                0x00b7e7         Code  Gb  vreg_util.o [4]
?push_w0                0x00b720         Code  Gb  vreg_util.o [4]
?push_w1                0x00b725         Code  Gb  vreg_util.o [4]
?push_w2                0x00b72a         Code  Gb  vreg_util.o [4]
?push_w4                0x00b72f         Code  Gb  vreg_util.o [4]
?push_w5                0x00b734         Code  Gb  vreg_util.o [4]
?push_w6                0x00b739         Code  Gb  vreg_util.o [4]
?push_w7                0x00b73e         Code  Gb  vreg_util.o [4]
?scmp32_c_l0_l1         0x00abbe         Code  Gb  long.o [4]
?sdiv16_x_x_y           0x00ebe5         Code  Gb  short.o [4]
?sdiv32_l0_dl_l1        0x00ab52         Code  Gb  long.o [4]
?sdiv32_l0_l0_l1        0x00ab58         Code  Gb  long.o [4]
?sext32_l0_a            0x00ac38         Code  Gb  long.o [4]
?sext32_l0_x            0x00ac2d         Code  Gb  long.o [4]
?sll16_x_x_a            0x00ec0e         Code  Gb  short.o [4]
?sll32_0x_0x_a          0x00ac0e         Code  Gb  long.o [4]
?sll32_l0_l0_a          0x00ac0b         Code  Gb  long.o [4]
?sll8_a_a_5             0x00faff         Code  Gb  char.o [4]
?sll8_a_a_6             0x00fafe         Code  Gb  char.o [4]
?smod16_y_x_y           0x00ebfe         Code  Gb  short.o [4]
?smod32_l1_l0_l1        0x00ab58         Code  Gb  long.o [4]
?srl32_0x_0x_a          0x00ac1f         Code  Gb  long.o [4]
?srl32_l0_l0_a          0x00ac1c         Code  Gb  long.o [4]
?srl8_a_a_5             0x00fb05         Code  Gb  char.o [4]
?srl8_a_a_6             0x00fb04         Code  Gb  char.o [4]
?sub32_l0_l0_0x         0x00aa4f         Code  Gb  long.o [4]
?sub32_l0_l0_l1         0x00aa4c         Code  Gb  long.o [4]
?ucmp32_c_l0_0x         0x00aba3         Code  Gb  long.o [4]
?ucmp32_c_l0_l1         0x00abb3         Code  Gb  long.o [4]
?udiv32_l0_l0_l1        0x00aae5         Code  Gb  long.o [4]
?umod32_l1_l0_l1        0x00aae5         Code  Gb  long.o [4]
?w0                     0x000000         Data  Gb  vregs.o [4]
?w1                     0x000002         Data  Gb  vregs.o [4]
?w2                     0x000004         Data  Gb  vregs.o [4]
?w3                     0x000006         Data  Gb  vregs.o [4]
?w4                     0x000008         Data  Gb  vregs.o [4]
?w5                     0x00000a         Data  Gb  vregs.o [4]
?w6                     0x00000c         Data  Gb  vregs.o [4]
?w7                     0x00000e         Data  Gb  vregs.o [4]
ADC1_COMP_IRQHandler    0x00f6b3   0x21  Code  Gb  stm8l15x_it.o [1]
ADC_ChannelCmd          0x00ea7d   0x55  Code  Gb  stm8l15x_adc.o [1]
ADC_Cmd                 0x00fa8a    0xd  Code  Gb  stm8l15x_adc.o [1]
ADC_DeInit              0x00ea28   0x55  Code  Gb  stm8l15x_adc.o [1]
ADC_GetConversionValue  0x00f3c3   0x2b  Code  Gb  stm8l15x_adc.o [1]
ADC_GetFlagStatus       0x00f8d5   0x19  Code  Gb  stm8l15x_adc.o [1]
ADC_Init                0x00f59c   0x24  Code  Gb  stm8l15x_adc.o [1]
ADC_SamplingTimeConfig  0x00f24a   0x32  Code  Gb  stm8l15x_adc.o [1]
ADC_SoftwareStartConv   0x00fb65    0x5  Code  Gb  stm8l15x_adc.o [1]
ADC_VrefintCmd          0x00fa97    0xd  Code  Gb  stm8l15x_adc.o [1]
ADCdata                 0x000c3b    0x2  Data  Gb  stm8l15x_it.o [1]
AD_init                 0x00f216   0x34  Code  Gb  ADCDrv.o [1]
ATCmdFromBTData         0x000baf   0x1e  Data  Gb  main.o [1]
AlarmJude               0x00f441   0x28  Code  Gb  WDT.o [1]
AttachNetworkCount      0x000c1f    0x4  Data  Gb  MyNBIOT.o [1]
BatteryCheckcount       0x000c4f    0x1  Data  Gb  WDT.o [1]
BatteryCount            0x000c3d    0x2  Data  Gb  WDT.o [1]
Battery_Read            0x00f137   0x39  Code  Gb  ADCDrv.o [1]
BottomFlag              0x000c48    0x1  Data  Gb  protocol.o [1]
CLK_GetClockFreq        0x00e392   0x76  Code  Gb  stm8l15x_clk.o [1]
CLK_HSICmd              0x00faa4    0xd  Code  Gb  stm8l15x_clk.o [1]
CLK_PeripheralClockConfig
                        0x00defe   0x8f  Code  Gb  stm8l15x_clk.o [1]
CLK_RTCClockConfig      0x00fb42    0xa  Code  Gb  stm8l15x_clk.o [1]
CLK_RTC_Ini             0x00e7b1   0x5f  Code  Gb  SYSIni.o [1]
CLK_SYSCLKDivConfig     0x00fb8a    0x4  Code  Gb  stm8l15x_clk.o [1]
CLK_SYSCLKSourceConfig  0x00fb86    0x4  Code  Gb  stm8l15x_clk.o [1]
CRC_16                  0x00efcc   0x3d  Code  Gb  CRC.o [1]
CRC_table               0x00002a  0x200  Data  Lc  CRC.o [1]
CSTACK$$Base            0x000e00          --   Gb  - Linker created -
CSTACK$$Limit           0x001000          --   Gb  - Linker created -
Calculate_Crc16         0x00ed39   0x47  Code  Gb  CRC.o [1]
CopyString              0x00f3ee   0x2a  Code  Gb  MyNBIOT.o [1]
DMA1_CHANNEL0_1_IRQHandler
                        0x00fba4    0x1  Code  Gb  stm8l15x_it.o [1]
DMA1_CHANNEL2_3_IRQHandler
                        0x00fba5    0x1  Code  Gb  stm8l15x_it.o [1]
DebugInfFlag            0x000c50    0x1  Data  Gb  WDT.o [1]
DelayCount              0x000c33    0x2  Data  Gb  main.o [1]
DelayOneMs              0x00f2df   0x30  Code  Gb  MyCommon.o [1]
DoATCmdFromBT           0x00d1dd   0xea  Code  Gb  MyNBIOT.o [1]
DoNBiotATCmd            0x00b0cb  0x226  Code  Gb  MyNBIOT.o [1]
DynamicBottom           0x000c15    0x6  Data  Gb  R3100.o [1]
EMData_x_Vary           0x000c35    0x2  Data  Gb  R3100.o [1]
EMData_y_Vary           0x000c37    0x2  Data  Gb  R3100.o [1]
EMData_z_Vary           0x000c39    0x2  Data  Gb  R3100.o [1]
EMDealGeomagneticValue_VectorDifference
                        0x00bfad  0x168  Code  Gb  R3100.o [1]
EXTI0_IRQHandler        0x00f27c   0x32  Code  Gb  stm8l15x_it.o [1]
EXTI1_IRQHandler        0x00f7ef   0x1e  Code  Gb  stm8l15x_it.o [1]
EXTI2_IRQHandler        0x00fba9    0x1  Code  Gb  stm8l15x_it.o [1]
EXTI3_IRQHandler        0x00e752   0x5f  Code  Gb  stm8l15x_it.o [1]
EXTI4_IRQHandler        0x00fbaa    0x1  Code  Gb  stm8l15x_it.o [1]
EXTI5_IRQHandler        0x00f80d   0x1e  Code  Gb  stm8l15x_it.o [1]
EXTI6_IRQHandler        0x00fbab    0x1  Code  Gb  stm8l15x_it.o [1]
EXTI7_IRQHandler        0x00fbac    0x1  Code  Gb  stm8l15x_it.o [1]
EXTIB_G_IRQHandler      0x00fba7    0x1  Code  Gb  stm8l15x_it.o [1]
EXTID_H_IRQHandler      0x00fba8    0x1  Code  Gb  stm8l15x_it.o [1]
EXTIE_F_PVD_IRQHandler  0x00fba6    0x1  Code  Gb  stm8l15x_it.o [1]
EXTI_ClearITPendingBit  0x00f692   0x21  Code  Gb  stm8l15x_exti.o [1]
EXTI_SetPinSensitivity  0x00cdc1  0x115  Code  Gb  stm8l15x_exti.o [1]
FLASH_GetFlagStatus     0x00f907   0x18  Code  Gb  stm8l15x_flash.o [1]
FLASH_IRQHandler        0x00fba3    0x1  Code  Gb  stm8l15x_it.o [1]
FLASH_Lock              0x00fb16    0xb  Code  Gb  stm8l15x_flash.o [1]
FLASH_ProgramByte       0x00fb6a    0x5  Code  Gb  stm8l15x_flash.o [1]
FLASH_ReadByte          0x00fb6f    0x5  Code  Gb  stm8l15x_flash.o [1]
FLASH_Unlock            0x00f8ee   0x19  Code  Gb  stm8l15x_flash.o [1]
FastGetParkCount        0x000c4a    0x1  Data  Gb  R3100.o [1]
FixedV_Check            0x00c534  0x155  Code  Gb  R3100.o [1]
GPIO_ExternalPullUpConfig
                        0x00f36c   0x2c  Code  Gb  stm8l15x_gpio.o [1]
GPIO_Init               0x00df8d   0x8e  Code  Gb  stm8l15x_gpio.o [1]
Gather_DataOfR3100      0x00cca4  0x11d  Code  Gb  R3100.o [1]
GetDynamicBottom        0x00f578   0x24  Code  Gb  bottomvalAdjustAdaptive.o [1]
GetInf                  0x00e31b   0x77  Code  Gb  WDT.o [1]
GetMag                  0x00ec16   0x4a  Code  Gb  R3100.o [1]
GetTimeBottomCount      0x000c42    0x1  Data  Gb  bottomvalAdjustAdaptive.o [1]
GetVcc                  0x00d3ad   0xd4  Code  Gb  WDT.o [1]
Getdataa                0x00fa7b    0xf  Code  Gb  R3100.o [1]
GoSleep                 0x00f2ae   0x31  Code  Gb  SYSIni.o [1]
Hex_to_ASCII            0x00e12b   0x81  Code  Gb  MyCommon.o [1]
I2C1_SPI2_IRQHandler    0x00fbb5    0x1  Code  Gb  stm8l15x_it.o [1]
INTVEC$$Base            0x008000          --   Gb  - Linker created -
INTVEC$$Limit           0x008080          --   Gb  - Linker created -
Iic8BitRead             0x00e97a   0x57  Code  Gb  Iic.o [1]
Iic8BitWrite            0x00eb78   0x4f  Code  Gb  Iic.o [1]
IicInit                 0x00fa38   0x11  Code  Gb  Iic.o [1]
IicNop                  0x00f9a7   0x15  Code  Gb  Iic.o [1]
IicReadBytes            0x00dc4d   0x62  Code  Gb  Iic.o [1]
IicStart                0x00f671   0x21  Code  Gb  Iic.o [1]
IicStop                 0x00dc15   0x19  Code  Gb  Iic.o [1]
IicWrite                0x00dc2e   0x1f  Code  Gb  Iic.o [1]
KEY_EXTI_config         0x00f937   0x17  Code  Gb  GPIODrv.o [1]
Keep_AwakeCount         0x000c4c    0x1  Data  Gb  R3100.o [1]
LCD_AES_IRQHandler      0x00fbad    0x1  Code  Gb  stm8l15x_it.o [1]
LoadInt                 0x00ed80   0x45  Code  Lc  xprintfsmall.o [4]
MyBT_CMD_Data           0x000010   0x18  Data  Gb  Bluetooth.o [1]
MyNBIOT_CMD_data        0x0082f8  0x14a  Data  Gb  MyNBIOT.o [1]
MyUsart_InitforBT       0x00e4ef   0x70  Code  Gb  UART.o [1]
NBAtCommand             0x0008dc  0x147  Data  Gb  main.o [1]
NB_BC95                 0x000288  0x3cb  Data  Gb  main.o [1]
OutFromSleep            0x00ecaa   0x48  Code  Gb  WDT.o [1]
ParkState               0x000c49    0x1  Data  Gb  R3100.o [1]
PowerConfig             0x00fa49   0x11  Code  Gb  MyNBIOT.o [1]
RTC_AlarmCmd            0x00eb27   0x51  Code  Gb  stm8l15x_rtc.o [1]
RTC_CSSLSE_IRQHandler   0x00f418   0x29  Code  Gb  stm8l15x_it.o [1]
RTC_ClearFlag           0x00fab1    0xd  Code  Gb  stm8l15x_rtc.o [1]
RTC_ITConfig            0x00f1a9   0x38  Code  Gb  stm8l15x_rtc.o [1]
RTC_SetWakeUpCounter    0x00f9bc   0x15  Code  Gb  stm8l15x_rtc.o [1]
RTC_WakeUpClockConfig   0x00f62c   0x23  Code  Gb  stm8l15x_rtc.o [1]
RTC_WakeUpCmd           0x00f083   0x3d  Code  Gb  stm8l15x_rtc.o [1]
ReadFlashEepRomToBuff   0x00ddda   0x93  Code  Gb  eemFlash.o [1]
ReadMag                 0x00fb82    0x4  Code  Gb  R3100.o [1]
ReadTagParam            0x00cfe3  0x103  Code  Gb  eemFlash.o [1]
Region$$Table$$Base     0x008528          --   Gb  - Linker created -
Region$$Table$$Limit    0x00853c          --   Gb  - Linker created -
SPI1_IRQHandler         0x00fbb3    0x1  Code  Gb  stm8l15x_it.o [1]
SWITCH_CSS_BREAK_DAC_IRQHandler
                        0x00fbae    0x1  Code  Gb  stm8l15x_it.o [1]
SYSCFG_REMAPPinConfig   0x00ead2   0x55  Code  Gb  stm8l15x_syscfg.o [1]
SYSDivFactor            0x0088a2    0x5  Data  Gb  stm8l15x_clk.o [1]
SendAlarmPackage        0x00b2f1  0x218  Code  Gb  protocol.o [1]
SendCarStatus           0x00d6f7   0xce  Code  Gb  WDT.o [1]
SendDataToNB            0x00db6b   0xaa  Code  Gb  MyNBIOT.o [1]
SendNodeCount           0x000c27    0x4  Data  Gb  R3100.o [1]
SendPackCount           0x000c23    0x4  Data  Gb  R3100.o [1]
Send_R3100ToRW_Test     0x00f793   0x1f  Code  Gb  R3100.o [1]
Send_SX_Count           0x000c51    0x1  Data  Gb  WDT.o [1]
Sensor3100L             0x000bff    0xa  Data  Gb  R3100.o [1]
SetMagBase              0x00ae97  0x234  Code  Gb  R3100.o [1]
Startup_get_bottom      0x000c44    0x1  Data  Gb  main.o [1]
TIM1_CC_IRQHandler      0x00fbb2    0x1  Code  Gb  stm8l15x_it.o [1]
TIM1_ClearFlag          0x00fabe    0xd  Code  Gb  stm8l15x_tim1.o [1]
TIM1_UPD_OVF_TRG_COM_IRQHandler
                        0x00f867   0x1d  Code  Gb  stm8l15x_it.o [1]
TIM2_CC_USART2_RX_IRQHandler
                        0x00fbb0    0x1  Code  Gb  stm8l15x_it.o [1]
TIM2_UPD_OVF_TRG_BRK_USART2_TX_IRQHandler
                        0x00fbaf    0x1  Code  Gb  stm8l15x_it.o [1]
TIM3_CC_USART3_RX_IRQHandler
                        0x00e62f   0x63  Code  Gb  stm8l15x_it.o [1]
TIM3_UPD_OVF_TRG_BRK_USART3_TX_IRQHandler
                        0x00fbb1    0x1  Code  Gb  stm8l15x_it.o [1]
TIM4_ClearFlag          0x00fb74    0x5  Code  Gb  stm8l15x_tim4.o [1]
TIM4_ClearITPendingBit  0x00fb79    0x5  Code  Gb  stm8l15x_tim4.o [1]
TIM4_Cmd                0x00facb    0xd  Code  Gb  stm8l15x_tim4.o [1]
TIM4_Count              0x000c1b    0x4  Data  Gb  main.o [1]
TIM4_ITConfig           0x00f8a1   0x1a  Code  Gb  stm8l15x_tim4.o [1]
TIM4_TimeBaseInit       0x00fa5a   0x11  Code  Gb  stm8l15x_tim4.o [1]
TIM4_UPD_OVF_TRG_IRQHandler
                        0x00e47e   0x71  Code  Gb  stm8l15x_it.o [1]
TIM4_config             0x00f5c0   0x24  Code  Gb  TIM4Drv.o [1]
TRAP_IRQHandler         0x00fba2    0x1  Code  Gb  stm8l15x_it.o [1]
TagCng_symple           0x00022a   0x5d  Data  Gb  main.o [1]
TagID                   0x000c31    0x2  Data  Gb  eemFlash.o [1]
TagParam                0x000b7c   0x33  Data  Gb  eemFlash.o [1]
TagParamInit            0x00ca4f  0x12e  Code  Gb  eemFlash.o [1]
Test_Product_Flag       0x000c4e    0x1  Data  Gb  stm8l15x_it.o [1]
UART_disable            0x00fad8    0xd  Code  Gb  UART.o [1]
UART_enable             0x00f965   0x16  Code  Gb  UART.o [1]
USART1_RX_TIM5_CC_IRQHandler
                        0x00e01b   0x8a  Code  Gb  stm8l15x_it.o [1]
USART1_TX_TIM5_UPD_OVF_TRG_BRK_IRQHandler
                        0x00fbb4    0x1  Code  Gb  stm8l15x_it.o [1]
USART_ClearITPendingBit
                        0x00f6f5   0x20  Code  Gb  stm8l15x_usart.o [1]
USART_Cmd               0x00f4e0   0x27  Code  Gb  stm8l15x_usart.o [1]
USART_DeInit            0x00f4b9   0x27  Code  Gb  stm8l15x_usart.o [1]
USART_GetFlagStatus     0x00f64f   0x22  Code  Gb  stm8l15x_usart.o [1]
USART_GetITStatus       0x00dac0   0xab  Code  Gb  stm8l15x_usart.o [1]
USART_ITConfig          0x00dd45   0x95  Code  Gb  stm8l15x_usart.o [1]
USART_Init              0x00d555   0xd3  Code  Gb  stm8l15x_usart.o [1]
USART_ReceiveData8      0x00fb96    0x3  Code  Gb  stm8l15x_usart.o [1]
USART_SendData8         0x00fb99    0x3  Code  Gb  stm8l15x_usart.o [1]
UserCode                0x000c2f    0x2  Data  Gb  eemFlash.o [1]
VRAD_init               0x00ecf2   0x47  Code  Gb  ADCDrv.o [1]
VREF_Value              0x00ee09   0x43  Code  Gb  ADCDrv.o [1]
Vcc                     0x000c2b    0x4  Data  Gb  WDT.o [1]
WriteBuffToFlashEepRom  0x00c115   0xba  Code  Gb  eemFlash.o [1]
WriteTagParam           0x00c1cf   0xab  Code  Gb  eemFlash.o [1]
_Get                    0x008fd2   0x1c  Code  Lc  xscanfsmall.o [4]
_GetN                   0x008fee   0x25  Code  Lc  xscanfsmall.o [4]
_GetfldSmall            0x00930d   0x82  Code  Lc  xscanfsmall.o [4]
_GetintSmall            0x00905b  0x1e8  Code  Lc  xscanfsmall.o [4]
_GetstrSmall            0x009243   0xc2  Code  Lc  xscanfsmall.o [4]
_LitobSmall             0x00bcb2  0x181  Code  Lc  xprintfsmall.o [4]
_PrintfSmall            0x0099c2  0x40b  Code  Gb  xprintfsmall.o [4]
_Prout                  0x00f7b2   0x1f  Code  Gb  xprout.o [4]
_PutcharSmall           0x00f33e   0x2e  Code  Lc  xprintfsmall.o [4]
_PutcharsSmall          0x00ef8e   0x3e  Code  Lc  xprintfsmall.o [4]
_SProut                 0x00fb37    0xb  Code  Gb  xsprout.o [4]
_SScin                  0x00f507   0x27  Code  Gb  xsscin.o [4]
_ScanfSmall             0x00939a  0x154  Code  Gb  xscanfsmall.o [4]
_UngetN                 0x009013   0x27  Code  Lc  xscanfsmall.o [4]
__DebugBreak            0x00fbb6    0x1  Code  Gb  __dbg_break.o [3]
__exit                  0x00f991   0x16  Code  Gb  __dbg_xxexit.o [3]
__iar_Dnorm             0x00c27a         Code  Gb  float_libsup.o [4]
__iar_Dscale            0x00c308         Code  Gb  float_libsup.o [4]
__iar_Dunscale          0x00c2b6         Code  Gb  float_libsup.o [4]
__iar_Errno             0x000c3f    0x2  Data  Gb  errno.o [4]
__iar_Memchr            0x00f6d4   0x21  Code  Gb  memchr.o [4]
__iar_Stolx             0x00d481   0xd4  Code  Gb  xstol.o [4]
__iar_Stoul             0x00bb08    0x8  Code  Gb  xstoul.o [4]
__iar_Stoulx            0x00b92c  0x1dc  Code  Gb  xstoul.o [4]
__iar_Strchr            0x00f9fb   0x15  Code  Gb  strchr.o [4]
__iar_Strstr            0x00e6f2   0x60  Code  Gb  strstr.o [4]
__iar_copy_init2        0x00f491         Code  Gb  init_small.o [4]
__iar_data_init2        0x00f82b   0x1e  Code  Gb  init.o [4]
__iar_program_start     0x00f94e         Code  Gb  cstartup.o [4]
__iar_unhandled_exception
                        0x00fb9f         Code  Gb  unhandled_exception.o [4]
__iar_zero_init2        0x00f849         Code  Gb  init_small.o [4]
__intvec                0x008000         Data  Gb  interrupt.o [4]
__low_level_init        0x00fb9c    0x3  Code  Gb  low_level_init.o [4]
_exit                   0x00fb5a         Code  Gb  cexit.o [4]
_interrupt_1            0x00fba2         Code  Gb  stm8l15x_it.o [1]
_interrupt_10           0x00f27c         Code  Gb  stm8l15x_it.o [1]
_interrupt_11           0x00f7ef         Code  Gb  stm8l15x_it.o [1]
_interrupt_12           0x00fba9         Code  Gb  stm8l15x_it.o [1]
_interrupt_13           0x00e752         Code  Gb  stm8l15x_it.o [1]
_interrupt_14           0x00fbaa         Code  Gb  stm8l15x_it.o [1]
_interrupt_15           0x00f80d         Code  Gb  stm8l15x_it.o [1]
_interrupt_16           0x00fbab         Code  Gb  stm8l15x_it.o [1]
_interrupt_17           0x00fbac         Code  Gb  stm8l15x_it.o [1]
_interrupt_18           0x00fbad         Code  Gb  stm8l15x_it.o [1]
_interrupt_19           0x00fbae         Code  Gb  stm8l15x_it.o [1]
_interrupt_20           0x00f6b3         Code  Gb  stm8l15x_it.o [1]
_interrupt_21           0x00fbaf         Code  Gb  stm8l15x_it.o [1]
_interrupt_22           0x00fbb0         Code  Gb  stm8l15x_it.o [1]
_interrupt_23           0x00fbb1         Code  Gb  stm8l15x_it.o [1]
_interrupt_24           0x00e62f         Code  Gb  stm8l15x_it.o [1]
_interrupt_25           0x00f867         Code  Gb  stm8l15x_it.o [1]
_interrupt_26           0x00fbb2         Code  Gb  stm8l15x_it.o [1]
_interrupt_27           0x00e47e         Code  Gb  stm8l15x_it.o [1]
_interrupt_28           0x00fbb3         Code  Gb  stm8l15x_it.o [1]
_interrupt_29           0x00fbb4         Code  Gb  stm8l15x_it.o [1]
_interrupt_3            0x00fba3         Code  Gb  stm8l15x_it.o [1]
_interrupt_30           0x00e01b         Code  Gb  stm8l15x_it.o [1]
_interrupt_31           0x00fbb5         Code  Gb  stm8l15x_it.o [1]
_interrupt_4            0x00fba4         Code  Gb  stm8l15x_it.o [1]
_interrupt_5            0x00fba5         Code  Gb  stm8l15x_it.o [1]
_interrupt_6            0x00f418         Code  Gb  stm8l15x_it.o [1]
_interrupt_7            0x00fba6         Code  Gb  stm8l15x_it.o [1]
_interrupt_8            0x00fba7         Code  Gb  stm8l15x_it.o [1]
_interrupt_9            0x00fba8         Code  Gb  stm8l15x_it.o [1]
abs                     0x00fb21    0xb  Code  Gb  abs.o [4]
berthStateSwithProcess  0x00bb10  0x1a2  Code  Gb  parkStateJudge.o [1]
berthStateSwithProcess::initi
                        0x000287    0x1  Data  Lc  parkStateJudge.o [1]
berthStateSwithProcess::last_state
                        0x000c47    0x1  Data  Lc  parkStateJudge.o [1]
bluetooth_data          0x000653  0x289  Data  Gb  main.o [1]
bottomCnsTimeAdjustStatisProcess
                        0x00d955   0xb9  Code  Gb  statisMagneticDensity.o [1]
bottomTimesAdjustStatisProcess
                        0x00e2a3   0x78  Code  Gb  statisMagneticDensity.o [1]
bottomvalAdjustProcess  0x00cb7d  0x127  Code  Gb  bottomvalAdjustAdaptive.o [1]
bottomvalAdjustProcess::initi
                        0x000028    0x1  Data  Lc  bottomvalAdjustAdaptive.o [1]
bottomvalAdjustProcess::last_state
                        0x000c43    0x1  Data  Lc  bottomvalAdjustAdaptive.o [1]
calculateBottomStatisVarianceMean
                        0x00a770  0x276  Code  Gb  statisMagneticDensity.o [1]
calculateMeagneticFeature
                        0x00ee4c   0x42  Code  Gb  parkStateJudge.o [1]
calculateStatisVarianceMean
                        0x00ac45  0x252  Code  Gb  statisMagneticDensity.o [1]
changeConfirm           0x00d891   0xc4  Code  Gb  parkStateJudge.o [1]
changeJudge             0x00a1a3  0x31a  Code  Gb  parkStateJudge.o [1]
changeThresholdGet      0x009dcd  0x3d6  Code  Gb  parkStateJudge.o [1]
checkNBNetwork          0x00be33  0x17a  Code  Gb  MyNBIOT.o [1]
chvalid                 0x00903a   0x21  Code  Lc  xscanfsmall.o [4]
datatemp                0x000c4d    0x1  Data  Gb  stm8l15x_it.o [1]
dealFullBottomSet       0x00ec60   0x4a  Code  Gb  statisMagneticDensity.o [1]
dealFullSet             0x00e22a   0x79  Code  Gb  statisMagneticDensity.o [1]
deal_BT_data            0x0088c2  0x710  Code  Gb  Bluetooth.o [1]
deep_sleep              0x00ef50   0x3e  Code  Gb  main.o [1]
delay                   0x00f1e1   0x35  Code  Gb  Common.o [1]
deleteDataStatisSet     0x00c916  0x139  Code  Gb  statisMagneticDensity.o [1]
dequeueStatisSet        0x00e55f   0x68  Code  Gb  statisMagneticDensity.o [1]
digits                  0x0084de   0x25  Data  Lc  xstoul.o [4]
disableUsartBT          0x00f9d1   0x15  Code  Gb  UART.o [1]
enableUsartBT           0x00f715   0x20  Code  Gb  UART.o [1]
enqueueStatisSet        0x00e0a5   0x86  Code  Gb  statisMagneticDensity.o [1]
enter_Bootloader        0x00f7d1   0x1e  Code  Gb  Bluetooth.o [1]
exit                    0x00fb92    0x4  Code  Gb  exit.o [4]
g_bottom_longTime       0x000bd7    0xa  Data  Lc  bottomvalAdjustAdaptive.o [1]
g_bottom_time_set       0x000b37   0x45  Data  Gb  statisMagneticDensity.o [1]
g_bottom_time_subset    0x000af2   0x45  Data  Gb  statisMagneticDensity.o [1]
g_bottom_times          0x000bcd    0xa  Data  Lc  bottomvalAdjustAdaptive.o [1]
g_bottom_times_set      0x000aad   0x45  Data  Gb  statisMagneticDensity.o [1]
g_magnetic_base         0x000beb    0xa  Data  Gb  parkStateJudge.o [1]
g_magnetic_base_lower   0x000bf5    0xa  Data  Gb  parkStateJudge.o [1]
g_magnetic_density      0x000be1    0xa  Data  Gb  parkStateJudge.o [1]
g_nopark_data           0x000c0f    0x6  Data  Lc  parkStateJudge.o [1]
g_park_state            0x000c45    0x1  Data  Gb  parkStateJudge.o [1]
g_park_statis           0x000c46    0x1  Data  Lc  parkStateJudge.o [1]
g_realTimeBottom        0x000c09    0x6  Data  Lc  bottomvalAdjustAdaptive.o [1]
g_statis_set            0x000a68   0x45  Data  Gb  statisMagneticDensity.o [1]
g_statis_subset         0x000a23   0x45  Data  Gb  statisMagneticDensity.o [1]
getBottomOffsetValue    0x00e1ac   0x7e  Code  Gb  statisMagneticDensity.o [1]
getRealTimeBottom       0x00f170   0x39  Code  Gb  bottomvalAdjustAdaptive.o [1]
getRealTimeBottom::initi
                        0x000029    0x1  Data  Lc  bottomvalAdjustAdaptive.o [1]
inToSleep               0x00f8bb   0x1a  Code  Gb  WDT.o [1]
inimcu                  0x00d7c5   0xcc  Code  Gb  main.o [1]
initBottomCnsTimeStatisSet
                        0x00f046   0x3d  Code  Gb  statisMagneticDensity.o [1]
initBottomTimesStatisSet
                        0x00f398   0x2b  Code  Gb  statisMagneticDensity.o [1]
initStatisSet           0x00f009   0x3d  Code  Gb  statisMagneticDensity.o [1]
initUsartDebug          0x00e408   0x76  Code  Gb  UART.o [1]
init_UART               0x00e5c7   0x68  Code  Gb  UART.o [1]
initiBerthStateInput    0x00da0e   0xb2  Code  Gb  parkStateJudge.o [1]
isspace                 0x00fa10   0x15  Code  Gb  isxxx.o [4]
itoa                    0x00d628   0xcf  Code  Gb  Common.o [1]
judgeMagnLevel          0x00fa6b   0x10  Code  Gb  statisMagneticDensity.o [1]
judge_BT_buffer         0x00a4bd  0x2b3  Code  Gb  Bluetooth.o [1]
judge_NBIOT_Rx_Buff     0x00e810   0x5e  Code  Gb  MyNBIOT.o [1]
judge_changeOfmodule    0x00d2c7   0xe6  Code  Gb  R3100.o [1]
m_clearBottomBufferFlag
                        0x000c4b    0x1  Data  Gb  R3100.o [1]
main                    0x00c689  0x14e  Code  Gb  main.o [1]
makehead                0x00e8ca   0x58  Code  Gb  protocol.o [1]
matchTimesAndCnsTimeStatis
                        0x00de6d   0x91  Code  Gb  statisMagneticDensity.o [1]
memcpy                  0x00f735   0x20  Code  Gb  memcpy.o [4]
memset                  0x00f97b   0x16  Code  Gb  memset.o [4]
mini_delay              0x00f774   0x1f  Code  Gb  MyCommon.o [1]
minidelay               0x00f755   0x1f  Code  Gb  Common.o [1]
ndigs                   0x008503   0x25  Data  Lc  xstoul.o [4]
nopark_startstatis_flag
                        0x000c41    0x1  Data  Lc  bottomvalAdjustAdaptive.o [1]
pad                     0x00f0c0   0x3d  Code  Lc  xprintfsmall.o [4]
print                   0x00d0e6   0xf7  Code  Gb  UART.o [1]
printbin                0x00f0fd   0x3a  Code  Gb  UART.o [1]
printch                 0x00faf2    0xc  Code  Gb  UART.o [1]
printdec                0x00f30f   0x2f  Code  Gb  UART.o [1]
printf                  0x00f608   0x24  Code  Gb  printf.o [4]
printflt                0x00e86e   0x5c  Code  Gb  UART.o [1]
printhex                0x00e9d1   0x57  Code  Gb  UART.o [1]
printstr                0x00f884   0x1d  Code  Gb  UART.o [1]
putchar                 0x00ee8e   0x42  Code  Gb  UART.o [1]
queueFullStatisSet      0x00fa25   0x13  Code  Gb  statisMagneticDensity.o [1]
satisfyBottomConstraintCondition
                        0x00c3dc  0x158  Code  Gb  bottomvalAdjustAdaptive.o [1]
sendUsartData           0x00eed0   0x40  Code  Gb  UART.o [1]
sleep                   0x00e692   0x60  Code  Gb  main.o [1]
sprintf                 0x00edc5   0x44  Code  Gb  sprintf.o [4]
sqrtf                   0x00ced6  0x10d  Code  Gb  sqrtf.o [4]
sscanf                  0x00f5e4   0x24  Code  Gb  sscanf.o [4]
statisProcess           0x00c7d7  0x13f  Code  Gb  statisMagneticDensity.o [1]
strcat                  0x00f553   0x25  Code  Gb  strcat.o [4]
strcpy                  0x00f91f   0x18  Code  Gb  strcpy.o [4]
strlen                  0x00fae5    0xd  Code  Gb  strlen.o [4]
strstr                  0x00fb7e    0x4  Code  Gb  MyNBIOT.o [1]
test_Product            0x00b509  0x217  Code  Gb  WDT.o [1]
vsprintf                0x00ef10   0x40  Code  Gb  vsprintf.o [4]
zeroStatisSet           0x00fb60    0x5  Code  Gb  statisMagneticDensity.o [1]


[1] = D:\公司项目-西谷物联\YJD\BoWeiBao_BT\YiYuan2018-HW_V2.0\Debug\Obj
[2] = command line
[3] = dbgstm8mmd.a
[4] = dlstm8mmn.a

  29 429 bytes of readonly  code memory
   2 242 bytes of readonly  data memory
   3 666 bytes of readwrite data memory

Errors: none
Warnings: none
